// Vitest Snapshot v1, https://vitest.dev/guide/snapshot.html

exports[`Header test > snapshottest productCard 1`] = `
{
  "asFragment": [Function],
  "baseElement": <body>
    <div>
      <div
        class="productCardContainer"
      >
        <div
          class="favoriteButtonContainer"
        >
          <div
            class="addToFavourite"
          >
            <div>
              <div
                class="MuiBox-root css-1b0ve20"
              >
                <button
                  aria-label="Like"
                  class="MuiButtonBase-root MuiFab-root MuiFab-circular MuiFab-sizeLarge MuiFab-default MuiFab-root MuiFab-circular MuiFab-sizeLarge MuiFab-default css-mm42gz-MuiButtonBase-root-MuiFab-root"
                  data-testid="favoriteIcon"
                  style="background-color: grey; outline: none;"
                  tabindex="0"
                  type="button"
                >
                  <svg
                    aria-hidden="true"
                    class="MuiSvgIcon-root MuiSvgIcon-fontSizeMedium css-i4bv87-MuiSvgIcon-root"
                    data-testid="FavoriteIcon"
                    focusable="false"
                    style="color: white;"
                    viewBox="0 0 24 24"
                  >
                    <path
                      d="m12 21.35-1.45-1.32C5.4 15.36 2 12.28 2 8.5 2 5.42 4.42 3 7.5 3c1.74 0 3.41.81 4.5 2.09C13.09 3.81 14.76 3 16.5 3 19.58 3 22 5.42 22 8.5c0 3.78-3.4 6.86-8.55 11.54L12 21.35z"
                    />
                  </svg>
                  <span
                    class="MuiTouchRipple-root css-8je8zh-MuiTouchRipple-root"
                  />
                </button>
              </div>
            </div>
          </div>
        </div>
        <div
          aria-label="Navigate to Byggryn Hele 550g boks Møllerens"
          class="productCard"
        >
          <div
            class="imgDiv"
          >
            <img
              alt="Byggryn Hele 550g boks Møllerens"
              loading="lazy"
              src="https://bilder.ngdata.no/7020655411993/kmh/large.jpg"
            />
          </div>
          <div
            class="textDiv"
          >
            <h6
              class="tittel"
            >
              Byggryn Hele 550g boks Møllerens
            </h6>
            <p
              class="prisParagraph"
            >
              Pris: 
              <strong>
                22.9
                 kr
              </strong>
               @
               
              Joker
            </p>
          </div>
        </div>
      </div>
    </div>
  </body>,
  "container": <div>
    <div
      class="productCardContainer"
    >
      <div
        class="favoriteButtonContainer"
      >
        <div
          class="addToFavourite"
        >
          <div>
            <div
              class="MuiBox-root css-1b0ve20"
            >
              <button
                aria-label="Like"
                class="MuiButtonBase-root MuiFab-root MuiFab-circular MuiFab-sizeLarge MuiFab-default MuiFab-root MuiFab-circular MuiFab-sizeLarge MuiFab-default css-mm42gz-MuiButtonBase-root-MuiFab-root"
                data-testid="favoriteIcon"
                style="background-color: grey; outline: none;"
                tabindex="0"
                type="button"
              >
                <svg
                  aria-hidden="true"
                  class="MuiSvgIcon-root MuiSvgIcon-fontSizeMedium css-i4bv87-MuiSvgIcon-root"
                  data-testid="FavoriteIcon"
                  focusable="false"
                  style="color: white;"
                  viewBox="0 0 24 24"
                >
                  <path
                    d="m12 21.35-1.45-1.32C5.4 15.36 2 12.28 2 8.5 2 5.42 4.42 3 7.5 3c1.74 0 3.41.81 4.5 2.09C13.09 3.81 14.76 3 16.5 3 19.58 3 22 5.42 22 8.5c0 3.78-3.4 6.86-8.55 11.54L12 21.35z"
                  />
                </svg>
                <span
                  class="MuiTouchRipple-root css-8je8zh-MuiTouchRipple-root"
                />
              </button>
            </div>
          </div>
        </div>
      </div>
      <div
        aria-label="Navigate to Byggryn Hele 550g boks Møllerens"
        class="productCard"
      >
        <div
          class="imgDiv"
        >
          <img
            alt="Byggryn Hele 550g boks Møllerens"
            loading="lazy"
            src="https://bilder.ngdata.no/7020655411993/kmh/large.jpg"
          />
        </div>
        <div
          class="textDiv"
        >
          <h6
            class="tittel"
          >
            Byggryn Hele 550g boks Møllerens
          </h6>
          <p
            class="prisParagraph"
          >
            Pris: 
            <strong>
              22.9
               kr
            </strong>
             @
             
            Joker
          </p>
        </div>
      </div>
    </div>
  </div>,
  "debug": [Function],
  "findAllByAltText": [Function],
  "findAllByDisplayValue": [Function],
  "findAllByLabelText": [Function],
  "findAllByPlaceholderText": [Function],
  "findAllByRole": [Function],
  "findAllByTestId": [Function],
  "findAllByText": [Function],
  "findAllByTitle": [Function],
  "findByAltText": [Function],
  "findByDisplayValue": [Function],
  "findByLabelText": [Function],
  "findByPlaceholderText": [Function],
  "findByRole": [Function],
  "findByTestId": [Function],
  "findByText": [Function],
  "findByTitle": [Function],
  "getAllByAltText": [Function],
  "getAllByDisplayValue": [Function],
  "getAllByLabelText": [Function],
  "getAllByPlaceholderText": [Function],
  "getAllByRole": [Function],
  "getAllByTestId": [Function],
  "getAllByText": [Function],
  "getAllByTitle": [Function],
  "getByAltText": [Function],
  "getByDisplayValue": [Function],
  "getByLabelText": [Function],
  "getByPlaceholderText": [Function],
  "getByRole": [Function],
  "getByTestId": [Function],
  "getByText": [Function],
  "getByTitle": [Function],
  "queryAllByAltText": [Function],
  "queryAllByDisplayValue": [Function],
  "queryAllByLabelText": [Function],
  "queryAllByPlaceholderText": [Function],
  "queryAllByRole": [Function],
  "queryAllByTestId": [Function],
  "queryAllByText": [Function],
  "queryAllByTitle": [Function],
  "queryByAltText": [Function],
  "queryByDisplayValue": [Function],
  "queryByLabelText": [Function],
  "queryByPlaceholderText": [Function],
  "queryByRole": [Function],
  "queryByTestId": [Function],
  "queryByText": [Function],
  "queryByTitle": [Function],
  "rerender": [Function],
  "unmount": [Function],
}
`;
